// Jest Snapshot v1, https://goo.gl/fbAQLP

exports[`Main Page renders loaded courses 1`] = `undefined`;
